{
    "json": {
        "name": "Example",
        "version": 1.0,
        "features": {
            "enabled": true,
            "items": [
                "item1",
                "item2",
                "item3"
            ],
            "details": {
                "author": "zyh",
                "license": "sit"
            }
        },
        "tags": [
            "test",
            "json",
            "example"
        ],
        "metadata": null
    }
}